/Users/leayinge/Desktop/OrderSystem/service/src/main/java/com/leayinge/service/Impl/OrderServiceImpl.java
/Users/leayinge/Desktop/OrderSystem/service/src/main/java/com/leayinge/service/Impl/TravellerServiceImpl.java
/Users/leayinge/Desktop/OrderSystem/service/src/main/java/com/leayinge/service/UsersService.java
/Users/leayinge/Desktop/OrderSystem/service/src/main/java/com/leayinge/service/Impl/ProductServiceImpl.java
/Users/leayinge/Desktop/OrderSystem/service/src/main/java/com/leayinge/service/TravellerService.java
/Users/leayinge/Desktop/OrderSystem/service/src/main/java/com/leayinge/service/Impl/MemberServiceImpl.java
/Users/leayinge/Desktop/OrderSystem/service/src/main/java/com/leayinge/service/MemberService.java
/Users/leayinge/Desktop/OrderSystem/service/src/main/java/com/leayinge/service/RoleService.java
/Users/leayinge/Desktop/OrderSystem/service/src/main/java/com/leayinge/service/Impl/RoleServiceImpl.java
/Users/leayinge/Desktop/OrderSystem/service/src/main/java/com/leayinge/service/ProductService.java
/Users/leayinge/Desktop/OrderSystem/service/src/main/java/com/leayinge/service/Impl/PermissionServiceImpl.java
/Users/leayinge/Desktop/OrderSystem/service/src/main/java/com/leayinge/service/OrderService.java
/Users/leayinge/Desktop/OrderSystem/service/src/main/java/com/leayinge/service/Impl/UsersServiceImpl.java
/Users/leayinge/Desktop/OrderSystem/service/src/main/java/com/leayinge/service/PermissionService.java
